Archive member included to satisfy reference by file (symbol)

C:/ST/STM32CubeIDE_1.16.0/STM32CubeIDE/plugins/com.st.stm32cube.ide.mcu.externaltools.gnu-tools-for-stm32.12.3.rel1.win32_1.0.200.202406191623/tools/bin/../lib/gcc/arm-none-eabi/12.3.1/../../../../arm-none-eabi/lib/thumb/v7-m/nofp\libc_nano.a(libc_a-exit.o)
                              C:/ST/STM32CubeIDE_1.16.0/STM32CubeIDE/plugins/com.st.stm32cube.ide.mcu.externaltools.gnu-tools-for-stm32.12.3.rel1.win32_1.0.200.202406191623/tools/bin/../lib/gcc/arm-none-eabi/12.3.1/../../../../arm-none-eabi/lib/thumb/v7-m/nofp/crt0.o (exit)
C:/ST/STM32CubeIDE_1.16.0/STM32CubeIDE/plugins/com.st.stm32cube.ide.mcu.externaltools.gnu-tools-for-stm32.12.3.rel1.win32_1.0.200.202406191623/tools/bin/../lib/gcc/arm-none-eabi/12.3.1/../../../../arm-none-eabi/lib/thumb/v7-m/nofp\libc_nano.a(libc_a-findfp.o)
                              C:/ST/STM32CubeIDE_1.16.0/STM32CubeIDE/plugins/com.st.stm32cube.ide.mcu.externaltools.gnu-tools-for-stm32.12.3.rel1.win32_1.0.200.202406191623/tools/bin/../lib/gcc/arm-none-eabi/12.3.1/../../../../arm-none-eabi/lib/thumb/v7-m/nofp\libc_nano.a(libc_a-exit.o) (__stdio_exit_handler)
C:/ST/STM32CubeIDE_1.16.0/STM32CubeIDE/plugins/com.st.stm32cube.ide.mcu.externaltools.gnu-tools-for-stm32.12.3.rel1.win32_1.0.200.202406191623/tools/bin/../lib/gcc/arm-none-eabi/12.3.1/../../../../arm-none-eabi/lib/thumb/v7-m/nofp\libc_nano.a(libc_a-fwalk.o)
                              C:/ST/STM32CubeIDE_1.16.0/STM32CubeIDE/plugins/com.st.stm32cube.ide.mcu.externaltools.gnu-tools-for-stm32.12.3.rel1.win32_1.0.200.202406191623/tools/bin/../lib/gcc/arm-none-eabi/12.3.1/../../../../arm-none-eabi/lib/thumb/v7-m/nofp\libc_nano.a(libc_a-findfp.o) (_fwalk_sglue)
C:/ST/STM32CubeIDE_1.16.0/STM32CubeIDE/plugins/com.st.stm32cube.ide.mcu.externaltools.gnu-tools-for-stm32.12.3.rel1.win32_1.0.200.202406191623/tools/bin/../lib/gcc/arm-none-eabi/12.3.1/../../../../arm-none-eabi/lib/thumb/v7-m/nofp\libc_nano.a(libc_a-stdio.o)
                              C:/ST/STM32CubeIDE_1.16.0/STM32CubeIDE/plugins/com.st.stm32cube.ide.mcu.externaltools.gnu-tools-for-stm32.12.3.rel1.win32_1.0.200.202406191623/tools/bin/../lib/gcc/arm-none-eabi/12.3.1/../../../../arm-none-eabi/lib/thumb/v7-m/nofp\libc_nano.a(libc_a-findfp.o) (__sread)
C:/ST/STM32CubeIDE_1.16.0/STM32CubeIDE/plugins/com.st.stm32cube.ide.mcu.externaltools.gnu-tools-for-stm32.12.3.rel1.win32_1.0.200.202406191623/tools/bin/../lib/gcc/arm-none-eabi/12.3.1/../../../../arm-none-eabi/lib/thumb/v7-m/nofp\libc_nano.a(libc_a-memset.o)
                              C:/ST/STM32CubeIDE_1.16.0/STM32CubeIDE/plugins/com.st.stm32cube.ide.mcu.externaltools.gnu-tools-for-stm32.12.3.rel1.win32_1.0.200.202406191623/tools/bin/../lib/gcc/arm-none-eabi/12.3.1/../../../../arm-none-eabi/lib/thumb/v7-m/nofp/crt0.o (memset)
C:/ST/STM32CubeIDE_1.16.0/STM32CubeIDE/plugins/com.st.stm32cube.ide.mcu.externaltools.gnu-tools-for-stm32.12.3.rel1.win32_1.0.200.202406191623/tools/bin/../lib/gcc/arm-none-eabi/12.3.1/../../../../arm-none-eabi/lib/thumb/v7-m/nofp\libc_nano.a(libc_a-closer.o)
                              C:/ST/STM32CubeIDE_1.16.0/STM32CubeIDE/plugins/com.st.stm32cube.ide.mcu.externaltools.gnu-tools-for-stm32.12.3.rel1.win32_1.0.200.202406191623/tools/bin/../lib/gcc/arm-none-eabi/12.3.1/../../../../arm-none-eabi/lib/thumb/v7-m/nofp\libc_nano.a(libc_a-stdio.o) (_close_r)
C:/ST/STM32CubeIDE_1.16.0/STM32CubeIDE/plugins/com.st.stm32cube.ide.mcu.externaltools.gnu-tools-for-stm32.12.3.rel1.win32_1.0.200.202406191623/tools/bin/../lib/gcc/arm-none-eabi/12.3.1/../../../../arm-none-eabi/lib/thumb/v7-m/nofp\libc_nano.a(libc_a-reent.o)
                              C:/ST/STM32CubeIDE_1.16.0/STM32CubeIDE/plugins/com.st.stm32cube.ide.mcu.externaltools.gnu-tools-for-stm32.12.3.rel1.win32_1.0.200.202406191623/tools/bin/../lib/gcc/arm-none-eabi/12.3.1/../../../../arm-none-eabi/lib/thumb/v7-m/nofp\libc_nano.a(libc_a-closer.o) (errno)
C:/ST/STM32CubeIDE_1.16.0/STM32CubeIDE/plugins/com.st.stm32cube.ide.mcu.externaltools.gnu-tools-for-stm32.12.3.rel1.win32_1.0.200.202406191623/tools/bin/../lib/gcc/arm-none-eabi/12.3.1/../../../../arm-none-eabi/lib/thumb/v7-m/nofp\libc_nano.a(libc_a-impure.o)
                              C:/ST/STM32CubeIDE_1.16.0/STM32CubeIDE/plugins/com.st.stm32cube.ide.mcu.externaltools.gnu-tools-for-stm32.12.3.rel1.win32_1.0.200.202406191623/tools/bin/../lib/gcc/arm-none-eabi/12.3.1/../../../../arm-none-eabi/lib/thumb/v7-m/nofp\libc_nano.a(libc_a-reent.o) (_impure_ptr)
C:/ST/STM32CubeIDE_1.16.0/STM32CubeIDE/plugins/com.st.stm32cube.ide.mcu.externaltools.gnu-tools-for-stm32.12.3.rel1.win32_1.0.200.202406191623/tools/bin/../lib/gcc/arm-none-eabi/12.3.1/../../../../arm-none-eabi/lib/thumb/v7-m/nofp\libc_nano.a(libc_a-lseekr.o)
[...]
Memory Configuration

Name             Origin             Length             Attributes
RAM              0x20000000         0x00005000         xrw
FLASH            0x08000000         0x00020000         xr
*default*        0x00000000         0xffffffff

Linker script and memory map

LOAD C:/ST/STM32CubeIDE_1.16.0/STM32CubeIDE/plugins/com.st.stm32cube.ide.mcu.externaltools.gnu-tools-for-stm32.12.3.rel1.win32_1.0.200.202406191623/tools/bin/../lib/gcc/arm-none-eabi/12.3.1/thumb/v7-m/nofp/crti.o
LOAD C:/ST/STM32CubeIDE_1.16.0/STM32CubeIDE/plugins/com.st.stm32cube.ide.mcu.externaltools.gnu-tools-for-stm32.12.3.rel1.win32_1.0.200.202406191623/tools/bin/../lib/gcc/arm-none-eabi/12.3.1/thumb/v7-m/nofp/crtbegin.o
LOAD C:/ST/STM32CubeIDE_1.16.0/STM32CubeIDE/plugins/com.st.stm32cube.ide.mcu.externaltools.gnu-tools-for-stm32.12.3.rel1.win32_1.0.200.202406191623/tools/bin/../lib/gcc/arm-none-eabi/12.3.1/../../../../arm-none-eabi/lib/thumb/v7-m/nofp/crt0.o
LOAD ./Core/Src/button.o
LOAD ./Core/Src/display.o
LOAD ./Core/Src/global.o
LOAD ./Core/Src/input_processing.o
LOAD ./Core/Src/main.o
LOAD ./Core/Src/scheduler.o
LOAD ./Core/Src/stm32f1xx_hal_msp.o
LOAD ./Core/Src/stm32f1xx_it.o
LOAD ./Core/Src/syscalls.o
LOAD ./Core/Src/sysmem.o
LOAD ./Core/Src/system_stm32f1xx.o
LOAD ./Core/Src/timer.o
LOAD ./Core/Src/traffic_jam.o
LOAD ./Core/Startup/startup_stm32f103rbtx.o
LOAD ./Drivers/STM32F1xx_HAL_Driver/Src/stm32f1xx_hal.o
LOAD ./Drivers/STM32F1xx_HAL_Driver/Src/stm32f1xx_hal_cortex.o
LOAD ./Drivers/STM32F1xx_HAL_Driver/Src/stm32f1xx_hal_dma.o
LOAD ./Drivers/STM32F1xx_HAL_Driver/Src/stm32f1xx_hal_exti.o
LOAD ./Drivers/STM32F1xx_HAL_Driver/Src/stm32f1xx_hal_flash.o
LOAD ./Drivers/STM32F1xx_HAL_Driver/Src/stm32f1xx_hal_flash_ex.o
LOAD ./Drivers/STM32F1xx_HAL_Driver/Src/stm32f1xx_hal_gpio.o
LOAD ./Drivers/STM32F1xx_HAL_Driver/Src/stm32f1xx_hal_gpio_ex.o
LOAD ./Drivers/STM32F1xx_HAL_Driver/Src/stm32f1xx_hal_pwr.o
LOAD ./Drivers/STM32F1xx_HAL_Driver/Src/stm32f1xx_hal_rcc.o
LOAD ./Drivers/STM32F1xx_HAL_Driver/Src/stm32f1xx_hal_rcc_ex.o
LOAD ./Drivers/STM32F1xx_HAL_Driver/Src/stm32f1xx_hal_tim.o
LOAD ./Drivers/STM32F1xx_HAL_Driver/Src/stm32f1xx_hal_tim_ex.o
START GROUP
LOAD C:/ST/STM32CubeIDE_1.16.0/STM32CubeIDE/plugins/com.st.stm32cube.ide.mcu.externaltools.gnu-tools-for-stm32.12.3.rel1.win32_1.0.200.202406191623/tools/bin/../lib/gcc/arm-none-eabi/12.3.1/../../../../arm-none-eabi/lib/thumb/v7-m/nofp\libc_nano.a
LOAD C:/ST/STM32CubeIDE_1.16.0/STM32CubeIDE/plugins/com.st.stm32cube.ide.mcu.externaltools.gnu-tools-for-stm32.12.3.rel1.win32_1.0.200.202406191623/tools/bin/../lib/gcc/arm-none-eabi/12.3.1/../../../../arm-none-eabi/lib/thumb/v7-m/nofp\libm.a
END GROUP
START GROUP
LOAD C:/ST/STM32CubeIDE_1.16.0/STM32CubeIDE/plugins/com.st.stm32cube.ide.mcu.externaltools.gnu-tools-for-stm32.12.3.rel1.win32_1.0.200.202406191623/tools/bin/../lib/gcc/arm-none-eabi/12.3.1/thumb/v7-m/nofp\libgcc.a
LOAD C:/ST/STM32CubeIDE_1.16.0/STM32CubeIDE/plugins/com.st.stm32cube.ide.mcu.externaltools.gnu-tools-for-stm32.12.3.rel1.win32_1.0.200.202406191623/tools/bin/../lib/gcc/arm-none-eabi/12.3.1/../../../../arm-none-eabi/lib/thumb/v7-m/nofp\libc_nano.a
END GROUP
START GROUP
LOAD C:/ST/STM32CubeIDE_1.16.0/STM32CubeIDE/plugins/com.st.stm32cube.ide.mcu.externaltools.gnu-tools-for-stm32.12.3.rel1.win32_1.0.200.202406191623/tools/bin/../lib/gcc/arm-none-eabi/12.3.1/thumb/v7-m/nofp\libgcc.a
LOAD C:/ST/STM32CubeIDE_1.16.0/STM32CubeIDE/plugins/com.st.stm32cube.ide.mcu.externaltools.gnu-tools-for-stm32.12.3.rel1.win32_1.0.200.202406191623/tools/bin/../lib/gcc/arm-none-eabi/12.3.1/../../../../arm-none-eabi/lib/thumb/v7-m/nofp\libc_nano.a
LOAD C:/ST/STM32CubeIDE_1.16.0/STM32CubeIDE/plugins/com.st.stm32cube.ide.mcu.externaltools.gnu-tools-for-stm32.12.3.rel1.win32_1.0.200.202406191623/tools/bin/../lib/gcc/arm-none-eabi/12.3.1/../../../../arm-none-eabi/lib/thumb/v7-m/nofp\libnosys.a
END GROUP
START GROUP
LOAD C:/ST/STM32CubeIDE_1.16.0/STM32CubeIDE/plugins/com.st.stm32cube.ide.mcu.externaltools.gnu-tools-for-stm32.12.3.rel1.win32_1.0.200.202406191623/tools/bin/../lib/gcc/arm-none-eabi/12.3.1/thumb/v7-m/nofp\libgcc.a
LOAD C:/ST/STM32CubeIDE_1.16.0/STM32CubeIDE/plugins/com.st.stm32cube.ide.mcu.externaltools.gnu-tools-for-stm32.12.3.rel1.win32_1.0.200.202406191623/tools/bin/../lib/gcc/arm-none-eabi/12.3.1/../../../../arm-none-eabi/lib/thumb/v7-m/nofp\libc_nano.a
LOAD C:/ST/STM32CubeIDE_1.16.0/STM32CubeIDE/plugins/com.st.stm32cube.ide.mcu.externaltools.gnu-tools-for-stm32.12.3.rel1.win32_1.0.200.202406191623/tools/bin/../lib/gcc/arm-none-eabi/12.3.1/../../../../arm-none-eabi/lib/thumb/v7-m/nofp\libnosys.a
END GROUP
LOAD C:/ST/STM32CubeIDE_1.16.0/STM32CubeIDE/plugins/com.st.stm32cube.ide.mcu.externaltools.gnu-tools-for-stm32.12.3.rel1.win32_1.0.200.202406191623/tools/bin/../lib/gcc/arm-none-eabi/12.3.1/thumb/v7-m/nofp/crtend.o
LOAD C:/ST/STM32CubeIDE_1.16.0/STM32CubeIDE/plugins/com.st.stm32cube.ide.mcu.externaltools.gnu-tools-for-stm32.12.3.rel1.win32_1.0.200.202406191623/tools/bin/../lib/gcc/arm-none-eabi/12.3.1/thumb/v7-m/nofp/crtn.o
                0x20005000                        _estack = (ORIGIN (RAM) + LENGTH (RAM))
                0x00000200                        _Min_Heap_Size = 0x200
                0x00000400                        _Min_Stack_Size = 0x400

.isr_vector     0x08000000      0x10c
                0x08000000                        . = ALIGN (0x4)
 *(.isr_vector)
 .isr_vector    0x08000000      0x10c ./Core/Startup/startup_stm32f103rbtx.o
                0x08000000                g_pfnVectors
                0x0800010c                        . = ALIGN (0x4)

.text           0x0800010c     0x29a0
                0x0800010c                        . = ALIGN (0x4)
 *(.text)
 .text          0x0800010c       0x40 C:/ST/STM32CubeIDE_1.16.0/STM32CubeIDE/plugins/com.st.stm32cube.ide.mcu.externaltools.gnu-tools-for-stm32.12.3.rel1.win32_1.0.200.202406191623/tools/bin/../lib/gcc/arm-none-eabi/12.3.1/thumb/v7-m/nofp/crtbegin.o
 *(.text*)
 .text.ButtonInit
                0x0800014c       0x48 ./Core/Src/button.o
                0x0800014c                ButtonInit
 .text.InitThreeButton
                0x08000194       0x3c ./Core/Src/button.o
                0x08000194                InitThreeButton
 .text.IsPressed
                0x080001d0       0x48 ./Core/Src/button.o
                0x080001d0                IsPressed
 .text.LongPressed
                0x08000218        0xc ./Core/Src/button.o
                0x08000218                LongPressed
 .text.getInput
                0x08000224      0x148 ./Core/Src/button.o
                0x08000224                getInput
 .text.getKeyInput
                0x0800036c       0x28 ./Core/Src/button.o
                0x0800036c                getKeyInput
 .text.InitCount
                0x08000394       0x24 ./Core/Src/display.o
                0x08000394                InitCount
 .text.displayRedLed
                0x080003b8       0x48 ./Core/Src/display.o
                0x080003b8                displayRedLed
 .text.displayAmberLed
                0x08000400       0x48 ./Core/Src/display.o
                0x08000400                displayAmberLed
 .text.displayGreenLed
                0x08000448       0x48 ./Core/Src/display.o
                0x08000448                displayGreenLed
 .text.ChangeTime
                0x08000490       0x3c ./Core/Src/display.o
                0x08000490                ChangeTime
 .text.IncreaseTime
                0x080004cc       0x50 ./Core/Src/display.o
                0x080004cc                IncreaseTime
 .text.fsm_manual
                0x0800051c       0x24 ./Core/Src/display.o
                0x0800051c                fsm_manual
 .text.displayLED7SEG_RIGHT
                0x08000540      0x2a4 ./Core/Src/display.o
                0x08000540                displayLED7SEG_RIGHT
 .text.displayLED7SEG_ABOVE
                0x080007e4      0x2b0 ./Core/Src/display.o
                0x080007e4                displayLED7SEG_ABOVE
 .text.IsNormalMode
                0x08000a94       0x20 ./Core/Src/input_processing.o
                0x08000a94                IsNormalMode
 .text.IsModifyRedLeds
                0x08000ab4       0x20 ./Core/Src/input_processing.o
                0x08000ab4                IsModifyRedLeds
 .text.IsModifyAmberLeds
                0x08000ad4       0x20 ./Core/Src/input_processing.o
                0x08000ad4                IsModifyAmberLeds
 .text.IsModifyGreenLeds
                0x08000af4       0x20 ./Core/Src/input_processing.o
                0x08000af4                IsModifyGreenLeds
 .text.fsm_setting
                0x08000b14       0x8c ./Core/Src/input_processing.o
                0x08000b14                fsm_setting
 .text.HAL_TIM_PeriodElapsedCallback
                0x08000ba0       0x18 ./Core/Src/main.o
                0x08000ba0                HAL_TIM_PeriodElapsedCallback
 .text.blinkLed
                0x08000bb8       0x14 ./Core/Src/main.o
                0x08000bb8                blinkLed
 .text.main     0x08000bcc       0x84 ./Core/Src/main.o
                0x08000bcc                main
 .text.SystemClock_Config
                0x08000c50       0x80 ./Core/Src/main.o
                0x08000c50                SystemClock_Config
 .text.MX_TIM2_Init
                0x08000cd0       0x98 ./Core/Src/main.o
 .text.MX_GPIO_Init
                0x08000d68       0xf8 ./Core/Src/main.o
 .text.Error_Handler
                0x08000e60        0xc ./Core/Src/main.o
                0x08000e60                Error_Handler
 .text.SCH_Add_Task
                0x08000e6c       0xac ./Core/Src/scheduler.o
                0x08000e6c                SCH_Add_Task
 .text.SCH_Update
                0x08000f18       0xc0 ./Core/Src/scheduler.o
                0x08000f18                SCH_Update
 .text.SCH_Dispatch_Task
                0x08000fd8       0x84 ./Core/Src/scheduler.o
                0x08000fd8                SCH_Dispatch_Task
 .text.HAL_MspInit
                0x0800105c       0x64 ./Core/Src/stm32f1xx_hal_msp.o
                0x0800105c                HAL_MspInit
 .text.HAL_TIM_Base_MspInit
                0x080010c0       0x48 ./Core/Src/stm32f1xx_hal_msp.o
                0x080010c0                HAL_TIM_Base_MspInit
 .text.NMI_Handler
                0x08001108        0x8 ./Core/Src/stm32f1xx_it.o
                0x08001108                NMI_Handler
 .text.HardFault_Handler
                0x08001110        0x8 ./Core/Src/stm32f1xx_it.o
                0x08001110                HardFault_Handler
 .text.MemManage_Handler
                0x08001118        0x8 ./Core/Src/stm32f1xx_it.o
                0x08001118                MemManage_Handler
 .text.BusFault_Handler
                0x08001120        0x8 ./Core/Src/stm32f1xx_it.o
                0x08001120                BusFault_Handler
 .text.UsageFault_Handler
                0x08001128        0x8 ./Core/Src/stm32f1xx_it.o
                0x08001128                UsageFault_Handler
 .text.SVC_Handler
                0x08001130        0xc ./Core/Src/stm32f1xx_it.o
                0x08001130                SVC_Handler
 .text.DebugMon_Handler
                0x0800113c        0xc ./Core/Src/stm32f1xx_it.o
                0x0800113c                DebugMon_Handler
 .text.PendSV_Handler
                0x08001148        0xc ./Core/Src/stm32f1xx_it.o
                0x08001148                PendSV_Handler
 .text.SysTick_Handler
                0x08001154        0xc ./Core/Src/stm32f1xx_it.o
                0x08001154                SysTick_Handler
 .text.TIM2_IRQHandler
                0x08001160       0x14 ./Core/Src/stm32f1xx_it.o
                0x08001160                TIM2_IRQHandler
 .text.SystemInit
                0x08001174        0xc ./Core/Src/system_stm32f1xx.o
                0x08001174                SystemInit
 .text.setTimeForTraffic
                0x08001180       0x36 ./Core/Src/traffic_jam.o
                0x08001180                setTimeForTraffic
 .text.checkTime
                0x080011b6       0x3c ./Core/Src/traffic_jam.o
                0x080011b6                checkTime
 .text.set_light
                0x080011f2       0x92 ./Core/Src/traffic_jam.o
                0x080011f2                set_light
 .text.trafficNormal
                0x08001284      0x130 ./Core/Src/traffic_jam.o
                0x08001284                trafficNormal
 .text.fsm_automatic
                0x080013b4       0x24 ./Core/Src/traffic_jam.o
                0x080013b4                fsm_automatic
 .text.Reset_Handler
                0x080013d8       0x48 ./Core/Startup/startup_stm32f103rbtx.o
                0x080013d8                Reset_Handler
 .text.Default_Handler
                0x08001420        0x2 ./Core/Startup/startup_stm32f103rbtx.o
                0x08001420                RTC_Alarm_IRQHandler
                0x08001420                EXTI2_IRQHandler
                0x08001420                TIM1_CC_IRQHandler
                0x08001420                PVD_IRQHandler
                0x08001420                EXTI3_IRQHandler
                0x08001420                EXTI0_IRQHandler
                0x08001420                I2C2_EV_IRQHandler
                0x08001420                ADC1_2_IRQHandler
                0x08001420                SPI1_IRQHandler
                0x08001420                TAMPER_IRQHandler
                0x08001420                DMA1_Channel4_IRQHandler
                0x08001420                USART3_IRQHandler
                0x08001420                RTC_IRQHandler
                0x08001420                DMA1_Channel7_IRQHandler
                0x08001420                CAN1_RX1_IRQHandler
                0x08001420                TIM4_IRQHandler
                0x08001420                I2C1_EV_IRQHandler
                0x08001420                DMA1_Channel6_IRQHandler
                0x08001420                TIM3_IRQHandler
                0x08001420                RCC_IRQHandler
                0x08001420                TIM1_TRG_COM_IRQHandler
                0x08001420                DMA1_Channel1_IRQHandler
                0x08001420                Default_Handler
                0x08001420                EXTI15_10_IRQHandler
                0x08001420                EXTI9_5_IRQHandler
                0x08001420                SPI2_IRQHandler
                0x08001420                DMA1_Channel5_IRQHandler
                0x08001420                EXTI4_IRQHandler
                0x08001420                USB_LP_CAN1_RX0_IRQHandler
                0x08001420                USB_HP_CAN1_TX_IRQHandler
                0x08001420                DMA1_Channel3_IRQHandler
                0x08001420                TIM1_UP_IRQHandler
                0x08001420                WWDG_IRQHandler
                0x08001420                TIM1_BRK_IRQHandler
                0x08001420                EXTI1_IRQHandler
                0x08001420                USART2_IRQHandler
                0x08001420                I2C2_ER_IRQHandler
                0x08001420                DMA1_Channel2_IRQHandler
                0x08001420                CAN1_SCE_IRQHandler
                0x08001420                FLASH_IRQHandler
                0x08001420                USART1_IRQHandler
                0x08001420                I2C1_ER_IRQHandler
                0x08001420                USBWakeUp_IRQHandler
 *fill*         0x08001422        0x2 
 .text.HAL_Init
                0x08001424       0x2c ./Drivers/STM32F1xx_HAL_Driver/Src/stm32f1xx_hal.o
                0x08001424                HAL_Init
 .text.HAL_InitTick
                0x08001450       0x60 ./Drivers/STM32F1xx_HAL_Driver/Src/stm32f1xx_hal.o
                0x08001450                HAL_InitTick
 .text.HAL_IncTick
                0x080014b0       0x24 ./Drivers/STM32F1xx_HAL_Driver/Src/stm32f1xx_hal.o
                0x080014b0                HAL_IncTick
 .text.HAL_GetTick
                0x080014d4       0x14 ./Drivers/STM32F1xx_HAL_Driver/Src/stm32f1xx_hal.o
                0x080014d4                HAL_GetTick
 .text.__NVIC_SetPriorityGrouping
                0x080014e8       0x48 ./Drivers/STM32F1xx_HAL_Driver/Src/stm32f1xx_hal_cortex.o
 .text.__NVIC_GetPriorityGrouping
                0x08001530       0x1c ./Drivers/STM32F1xx_HAL_Driver/Src/stm32f1xx_hal_cortex.o
 .text.__NVIC_EnableIRQ
                0x0800154c       0x38 ./Drivers/STM32F1xx_HAL_Driver/Src/stm32f1xx_hal_cortex.o
 .text.__NVIC_SetPriority
                0x08001584       0x54 ./Drivers/STM32F1xx_HAL_Driver/Src/stm32f1xx_hal_cortex.o
 .text.NVIC_EncodePriority
                0x080015d8       0x64 ./Drivers/STM32F1xx_HAL_Driver/Src/stm32f1xx_hal_cortex.o
 .text.SysTick_Config
                0x0800163c       0x44 ./Drivers/STM32F1xx_HAL_Driver/Src/stm32f1xx_hal_cortex.o
 .text.HAL_NVIC_SetPriorityGrouping
                0x08001680       0x16 ./Drivers/STM32F1xx_HAL_Driver/Src/stm32f1xx_hal_cortex.o
                0x08001680                HAL_NVIC_SetPriorityGrouping
 .text.HAL_NVIC_SetPriority
                0x08001696       0x38 ./Drivers/STM32F1xx_HAL_Driver/Src/stm32f1xx_hal_cortex.o
                0x08001696                HAL_NVIC_SetPriority
 .text.HAL_NVIC_EnableIRQ
                0x080016ce       0x1c ./Drivers/STM32F1xx_HAL_Driver/Src/stm32f1xx_hal_cortex.o
                0x080016ce                HAL_NVIC_EnableIRQ
 .text.HAL_SYSTICK_Config
                0x080016ea       0x18 ./Drivers/STM32F1xx_HAL_Driver/Src/stm32f1xx_hal_cortex.o
                0x080016ea                HAL_SYSTICK_Config
 *fill*         0x08001702        0x2 
 .text.HAL_GPIO_Init
                0x08001704      0x308 ./Drivers/STM32F1xx_HAL_Driver/Src/stm32f1xx_hal_gpio.o
                0x08001704                HAL_GPIO_Init
 .text.HAL_GPIO_ReadPin
                0x08001a0c       0x2e ./Drivers/STM32F1xx_HAL_Driver/Src/stm32f1xx_hal_gpio.o
                0x08001a0c                HAL_GPIO_ReadPin
 .text.HAL_GPIO_WritePin
                0x08001a3a       0x30 ./Drivers/STM32F1xx_HAL_Driver/Src/stm32f1xx_hal_gpio.o
                0x08001a3a                HAL_GPIO_WritePin
 .text.HAL_GPIO_TogglePin
                0x08001a6a       0x32 ./Drivers/STM32F1xx_HAL_Driver/Src/stm32f1xx_hal_gpio.o
                0x08001a6a                HAL_GPIO_TogglePin
 .text.HAL_RCC_OscConfig
                0x08001a9c      0x504 ./Drivers/STM32F1xx_HAL_Driver/Src/stm32f1xx_hal_rcc.o
                0x08001a9c                HAL_RCC_OscConfig
 .text.HAL_RCC_ClockConfig
                0x08001fa0      0x1d4 ./Drivers/STM32F1xx_HAL_Driver/Src/stm32f1xx_hal_rcc.o
                0x08001fa0                HAL_RCC_ClockConfig
 .text.HAL_RCC_GetSysClockFreq
                0x08002174       0xa8 ./Drivers/STM32F1xx_HAL_Driver/Src/stm32f1xx_hal_rcc.o
                0x08002174                HAL_RCC_GetSysClockFreq
 .text.RCC_Delay
                0x0800221c       0x3c ./Drivers/STM32F1xx_HAL_Driver/Src/stm32f1xx_hal_rcc.o
 .text.HAL_TIM_Base_Init
                0x08002258       0x9e ./Drivers/STM32F1xx_HAL_Driver/Src/stm32f1xx_hal_tim.o
                0x08002258                HAL_TIM_Base_Init
 *fill*         0x080022f6        0x2 
 .text.HAL_TIM_Base_Start_IT
                0x080022f8       0xa4 ./Drivers/STM32F1xx_HAL_Driver/Src/stm32f1xx_hal_tim.o
                0x080022f8                HAL_TIM_Base_Start_IT
 .text.HAL_TIM_IRQHandler
                0x0800239c      0x1e0 ./Drivers/STM32F1xx_HAL_Driver/Src/stm32f1xx_hal_tim.o
                0x0800239c                HAL_TIM_IRQHandler
 .text.HAL_TIM_ConfigClockSource
                0x0800257c      0x18e ./Drivers/STM32F1xx_HAL_Driver/Src/stm32f1xx_hal_tim.o
                0x0800257c                HAL_TIM_ConfigClockSource
 .text.HAL_TIM_OC_DelayElapsedCallback
                0x0800270a       0x12 ./Drivers/STM32F1xx_HAL_Driver/Src/stm32f1xx_hal_tim.o
                0x0800270a                HAL_TIM_OC_DelayElapsedCallback
 .text.HAL_TIM_IC_CaptureCallback
                0x0800271c       0x12 ./Drivers/STM32F1xx_HAL_Driver/Src/stm32f1xx_hal_tim.o
                0x0800271c                HAL_TIM_IC_CaptureCallback
 .text.HAL_TIM_PWM_PulseFinishedCallback
                0x0800272e       0x12 ./Drivers/STM32F1xx_HAL_Driver/Src/stm32f1xx_hal_tim.o
                0x0800272e                HAL_TIM_PWM_PulseFinishedCallback
 .text.HAL_TIM_TriggerCallback
                0x08002740       0x12 ./Drivers/STM32F1xx_HAL_Driver/Src/stm32f1xx_hal_tim.o
                0x08002740                HAL_TIM_TriggerCallback
 *fill*         0x08002752        0x2 
 .text.TIM_Base_SetConfig
                0x08002754       0xdc ./Drivers/STM32F1xx_HAL_Driver/Src/stm32f1xx_hal_tim.o
                0x08002754                TIM_Base_SetConfig
 .text.TIM_TI1_ConfigInputStage
                0x08002830       0x5c ./Drivers/STM32F1xx_HAL_Driver/Src/stm32f1xx_hal_tim.o
 .text.TIM_TI2_ConfigInputStage
                0x0800288c       0x5e ./Drivers/STM32F1xx_HAL_Driver/Src/stm32f1xx_hal_tim.o
 .text.TIM_ITRx_SetConfig
                0x080028ea       0x34 ./Drivers/STM32F1xx_HAL_Driver/Src/stm32f1xx_hal_tim.o
 .text.TIM_ETR_SetConfig
                0x0800291e       0x3e ./Drivers/STM32F1xx_HAL_Driver/Src/stm32f1xx_hal_tim.o
                0x0800291e                TIM_ETR_SetConfig
 .text.HAL_TIMEx_MasterConfigSynchronization
                0x0800295c       0xbc ./Drivers/STM32F1xx_HAL_Driver/Src/stm32f1xx_hal_tim_ex.o
                0x0800295c                HAL_TIMEx_MasterConfigSynchronization
 .text.HAL_TIMEx_CommutCallback
                0x08002a18       0x12 ./Drivers/STM32F1xx_HAL_Driver/Src/stm32f1xx_hal_tim_ex.o
                0x08002a18                HAL_TIMEx_CommutCallback
 .text.HAL_TIMEx_BreakCallback
                0x08002a2a       0x12 ./Drivers/STM32F1xx_HAL_Driver/Src/stm32f1xx_hal_tim_ex.o
                0x08002a2a                HAL_TIMEx_BreakCallback
 .text.memset   0x08002a3c       0x10 C:/ST/STM32CubeIDE_1.16.0/STM32CubeIDE/plugins/com.st.stm32cube.ide.mcu.externaltools.gnu-tools-for-stm32.12.3.rel1.win32_1.0.200.202406191623/tools/bin/../lib/gcc/arm-none-eabi/12.3.1/../../../../arm-none-eabi/lib/thumb/v7-m/nofp\libc_nano.a(libc_a-memset.o)
                0x08002a3c                memset
 .text.__libc_init_array
                0x08002a4c       0x48 C:/ST/STM32CubeIDE_1.16.0/STM32CubeIDE/plugins/com.st.stm32cube.ide.mcu.externaltools.gnu-tools-for-stm32.12.3.rel1.win32_1.0.200.202406191623/tools/bin/../lib/gcc/arm-none-eabi/12.3.1/../../../../arm-none-eabi/lib/thumb/v7-m/nofp\libc_nano.a(libc_a-init.o)
                0x08002a4c                __libc_init_array
 *(.glue_7)
 .glue_7        0x08002a94        0x0 linker stubs
 *(.glue_7t)
 .glue_7t       0x08002a94        0x0 linker stubs
 *(.eh_frame)
 .eh_frame      0x08002a94        0x0 C:/ST/STM32CubeIDE_1.16.0/STM32CubeIDE/plugins/com.st.stm32cube.ide.mcu.externaltools.gnu-tools-for-stm32.12.3.rel1.win32_1.0.200.202406191623/tools/bin/../lib/gcc/arm-none-eabi/12.3.1/thumb/v7-m/nofp/crtbegin.o
 *(.init)
 .init          0x08002a94        0x4 C:/ST/STM32CubeIDE_1.16.0/STM32CubeIDE/plugins/com.st.stm32cube.ide.mcu.externaltools.gnu-tools-for-stm32.12.3.rel1.win32_1.0.200.202406191623/tools/bin/../lib/gcc/arm-none-eabi/12.3.1/thumb/v7-m/nofp/crti.o
                0x08002a94                _init
 .init          0x08002a98        0x8 C:/ST/STM32CubeIDE_1.16.0/STM32CubeIDE/plugins/com.st.stm32cube.ide.mcu.externaltools.gnu-tools-for-stm32.12.3.rel1.win32_1.0.200.202406191623/tools/bin/../lib/gcc/arm-none-eabi/12.3.1/thumb/v7-m/nofp/crtn.o
 *(.fini)
 .fini          0x08002aa0        0x4 C:/ST/STM32CubeIDE_1.16.0/STM32CubeIDE/plugins/com.st.stm32cube.ide.mcu.externaltools.gnu-tools-for-stm32.12.3.rel1.win32_1.0.200.202406191623/tools/bin/../lib/gcc/arm-none-eabi/12.3.1/thumb/v7-m/nofp/crti.o
                0x08002aa0                _fini
 .fini          0x08002aa4        0x8 C:/ST/STM32CubeIDE_1.16.0/STM32CubeIDE/plugins/com.st.stm32cube.ide.mcu.externaltools.gnu-tools-for-stm32.12.3.rel1.win32_1.0.200.202406191623/tools/bin/../lib/gcc/arm-none-eabi/12.3.1/thumb/v7-m/nofp/crtn.o
                0x08002aac                        . = ALIGN (0x4)
                0x08002aac                        _etext = .

.vfp11_veneer   0x08002aac        0x0
 .vfp11_veneer  0x08002aac        0x0 linker stubs

.v4_bx          0x08002aac        0x0
 .v4_bx         0x08002aac        0x0 linker stubs

.iplt           0x08002aac        0x0
 .iplt          0x08002aac        0x0 C:/ST/STM32CubeIDE_1.16.0/STM32CubeIDE/plugins/com.st.stm32cube.ide.mcu.externaltools.gnu-tools-for-stm32.12.3.rel1.win32_1.0.200.202406191623/tools/bin/../lib/gcc/arm-none-eabi/12.3.1/thumb/v7-m/nofp/crtbegin.o

.rodata         0x08002aac       0x24
                0x08002aac                        . = ALIGN (0x4)
 *(.rodata)
 *(.rodata*)
 .rodata.AHBPrescTable
                0x08002aac       0x10 ./Core/Src/system_stm32f1xx.o
                0x08002aac                AHBPrescTable
 .rodata.aPLLMULFactorTable.1
                0x08002abc       0x10 ./Drivers/STM32F1xx_HAL_Driver/Src/stm32f1xx_hal_rcc.o
 .rodata.aPredivFactorTable.0
                0x08002acc        0x2 ./Drivers/STM32F1xx_HAL_Driver/Src/stm32f1xx_hal_rcc.o
                0x08002ad0                        . = ALIGN (0x4)
 *fill*         0x08002ace        0x2 

.ARM.extab      0x08002ad0        0x0
                0x08002ad0                        . = ALIGN (0x4)
 *(.ARM.extab* .gnu.linkonce.armextab.*)
                0x08002ad0                        . = ALIGN (0x4)

.ARM            0x08002ad0        0x0
                0x08002ad0                        . = ALIGN (0x4)
                0x08002ad0                        __exidx_start = .
 *(.ARM.exidx*)
                0x08002ad0                        __exidx_end = .
                0x08002ad0                        . = ALIGN (0x4)

.preinit_array  0x08002ad0        0x0
                0x08002ad0                        . = ALIGN (0x4)
                0x08002ad0                        PROVIDE (__preinit_array_start = .)
 *(.preinit_array*)
                0x08002ad0                        PROVIDE (__preinit_array_end = .)
                0x08002ad0                        . = ALIGN (0x4)

.init_array     0x08002ad0        0x4
                0x08002ad0                        . = ALIGN (0x4)
                0x08002ad0                        PROVIDE (__init_array_start = .)
 *(SORT_BY_NAME(.init_array.*))
 *(.init_array*)
 .init_array    0x08002ad0        0x4 C:/ST/STM32CubeIDE_1.16.0/STM32CubeIDE/plugins/com.st.stm32cube.ide.mcu.externaltools.gnu-tools-for-stm32.12.3.rel1.win32_1.0.200.202406191623/tools/bin/../lib/gcc/arm-none-eabi/12.3.1/thumb/v7-m/nofp/crtbegin.o
                0x08002ad4                        PROVIDE (__init_array_end = .)
                0x08002ad4                        . = ALIGN (0x4)

.fini_array     0x08002ad4        0x4
                0x08002ad4                        . = ALIGN (0x4)
                [!provide]                        PROVIDE (__fini_array_start = .)
 *(SORT_BY_NAME(.fini_array.*))
 *(.fini_array*)
 .fini_array    0x08002ad4        0x4 C:/ST/STM32CubeIDE_1.16.0/STM32CubeIDE/plugins/com.st.stm32cube.ide.mcu.externaltools.gnu-tools-for-stm32.12.3.rel1.win32_1.0.200.202406191623/tools/bin/../lib/gcc/arm-none-eabi/12.3.1/thumb/v7-m/nofp/crtbegin.o
                [!provide]                        PROVIDE (__fini_array_end = .)
                0x08002ad8                        . = ALIGN (0x4)
                0x08002ad8                        _sidata = LOADADDR (.data)

.rel.dyn        0x08002ad8        0x0
 .rel.iplt      0x08002ad8        0x0 C:/ST/STM32CubeIDE_1.16.0/STM32CubeIDE/plugins/com.st.stm32cube.ide.mcu.externaltools.gnu-tools-for-stm32.12.3.rel1.win32_1.0.200.202406191623/tools/bin/../lib/gcc/arm-none-eabi/12.3.1/thumb/v7-m/nofp/crtbegin.o

.data           0x20000000       0x10 load address 0x08002ad8
                0x20000000                        . = ALIGN (0x4)
                0x20000000                        _sdata = .
 *(.data)
 *(.data*)
 .data.TimeForKeyPress
                0x20000000        0x4 ./Core/Src/button.o
                0x20000000                TimeForKeyPress
 .data.SystemCoreClock
                0x20000004        0x4 ./Core/Src/system_stm32f1xx.o
                0x20000004                SystemCoreClock
 .data.uwTickPrio
                0x20000008        0x4 ./Drivers/STM32F1xx_HAL_Driver/Src/stm32f1xx_hal.o
                0x20000008                uwTickPrio
 .data.uwTickFreq
                0x2000000c        0x1 ./Drivers/STM32F1xx_HAL_Driver/Src/stm32f1xx_hal.o
                0x2000000c                uwTickFreq
 *(.RamFunc)
 *(.RamFunc*)
                0x20000010                        . = ALIGN (0x4)
 *fill*         0x2000000d        0x3 
                0x20000010                        _edata = .

.igot.plt       0x20000010        0x0 load address 0x08002ae8
 .igot.plt      0x20000010        0x0 C:/ST/STM32CubeIDE_1.16.0/STM32CubeIDE/plugins/com.st.stm32cube.ide.mcu.externaltools.gnu-tools-for-stm32.12.3.rel1.win32_1.0.200.202406191623/tools/bin/../lib/gcc/arm-none-eabi/12.3.1/thumb/v7-m/nofp/crtbegin.o
                0x20000010                        . = ALIGN (0x4)

.bss            0x20000010      0x408 load address 0x08002ae8
                0x20000010                        _sbss = .
                0x20000010                        __bss_start__ = _sbss
 *(.bss)
 .bss           0x20000010       0x1c C:/ST/STM32CubeIDE_1.16.0/STM32CubeIDE/plugins/com.st.stm32cube.ide.mcu.externaltools.gnu-tools-for-stm32.12.3.rel1.win32_1.0.200.202406191623/tools/bin/../lib/gcc/arm-none-eabi/12.3.1/thumb/v7-m/nofp/crtbegin.o
 *(.bss*)
 .bss.FlagCheckLongPressFirst
                0x2000002c        0x4 ./Core/Src/button.o
                0x2000002c                FlagCheckLongPressFirst
 .bss.count     0x20000030        0xc ./Core/Src/display.o
                0x20000030                count
 .bss.time      0x2000003c       0x14 ./Core/Src/global.o
                0x2000003c                time
 .bss.button    0x20000050       0x54 ./Core/Src/global.o
                0x20000050                button
 .bss.mode      0x200000a4        0x1 ./Core/Src/input_processing.o
                0x200000a4                mode
 *fill*         0x200000a5        0x3 
 .bss.htim2     0x200000a8       0x48 ./Core/Src/main.o
                0x200000a8                htim2
 .bss.SCH_tasks_G
                0x200000f0      0x320 ./Core/Src/scheduler.o
                0x200000f0                SCH_tasks_G
 .bss.current_index_task
                0x20000410        0x1 ./Core/Src/scheduler.o
                0x20000410                current_index_task
 *fill*         0x20000411        0x3 
 .bss.uwTick    0x20000414        0x4 ./Drivers/STM32F1xx_HAL_Driver/Src/stm32f1xx_hal.o
                0x20000414                uwTick
 *(COMMON)
                0x20000418                        . = ALIGN (0x4)
                0x20000418                        _ebss = .
                0x20000418                        __bss_end__ = _ebss

._user_heap_stack
                0x20000418      0x600 load address 0x08002ae8
                0x20000418                        . = ALIGN (0x8)
                [!provide]                        PROVIDE (end = .)
                0x20000418                        PROVIDE (_end = .)
                0x20000618                        . = (. + _Min_Heap_Size)
 *fill*         0x20000418      0x200 
                0x20000a18                        . = (. + _Min_Stack_Size)
 *fill*         0x20000618      0x400 
                0x20000a18                        . = ALIGN (0x8)

/DISCARD/
 libc.a(*)
 libm.a(*)
 libgcc.a(*)

.ARM.attributes
                0x00000000       0x29
 *(.ARM.attributes)
 .ARM.attributes
                0x00000000       0x1d C:/ST/STM32CubeIDE_1.16.0/STM32CubeIDE/plugins/com.st.stm32cube.ide.mcu.externaltools.gnu-tools-for-stm32.12.3.rel1.win32_1.0.200.202406191623/tools/bin/../lib/gcc/arm-none-eabi/12.3.1/thumb/v7-m/nofp/crti.o
 .ARM.attributes
                0x0000001d       0x2d C:/ST/STM32CubeIDE_1.16.0/STM32CubeIDE/plugins/com.st.stm32cube.ide.mcu.externaltools.gnu-tools-for-stm32.12.3.rel1.win32_1.0.200.202406191623/tools/bin/../lib/gcc/arm-none-eabi/12.3.1/thumb/v7-m/nofp/crtbegin.o
 .ARM.attributes
                0x0000004a       0x2d ./Core/Src/button.o
 .ARM.attributes
                0x00000077       0x2d ./Core/Src/display.o
 .ARM.attributes
                0x000000a4       0x2d ./Core/Src/global.o
 .ARM.attributes
                0x000000d1       0x2d ./Core/Src/input_processing.o
 .ARM.attributes
                0x000000fe       0x2d ./Core/Src/main.o
 .ARM.attributes
                0x0000012b       0x2d ./Core/Src/scheduler.o
 .ARM.attributes
                0x00000158       0x2d ./Core/Src/stm32f1xx_hal_msp.o
 .ARM.attributes
                0x00000185       0x2d ./Core/Src/stm32f1xx_it.o
 .ARM.attributes
                0x000001b2       0x2d ./Core/Src/system_stm32f1xx.o
 .ARM.attributes
                0x000001df       0x2d ./Core/Src/traffic_jam.o
 .ARM.attributes
                0x0000020c       0x21 ./Core/Startup/startup_stm32f103rbtx.o
 .ARM.attributes
                0x0000022d       0x2d ./Drivers/STM32F1xx_HAL_Driver/Src/stm32f1xx_hal.o
 .ARM.attributes
                0x0000025a       0x2d ./Drivers/STM32F1xx_HAL_Driver/Src/stm32f1xx_hal_cortex.o
 .ARM.attributes
                0x00000287       0x2d ./Drivers/STM32F1xx_HAL_Driver/Src/stm32f1xx_hal_gpio.o
 .ARM.attributes
                0x000002b4       0x2d ./Drivers/STM32F1xx_HAL_Driver/Src/stm32f1xx_hal_rcc.o
 .ARM.attributes
                0x000002e1       0x2d ./Drivers/STM32F1xx_HAL_Driver/Src/stm32f1xx_hal_tim.o
 .ARM.attributes
                0x0000030e       0x2d ./Drivers/STM32F1xx_HAL_Driver/Src/stm32f1xx_hal_tim_ex.o
 .ARM.attributes
                0x0000033b       0x2d C:/ST/STM32CubeIDE_1.16.0/STM32CubeIDE/plugins/com.st.stm32cube.ide.mcu.externaltools.gnu-tools-for-stm32.12.3.rel1.win32_1.0.200.202406191623/tools/bin/../lib/gcc/arm-none-eabi/12.3.1/../../../../arm-none-eabi/lib/thumb/v7-m/nofp\libc_nano.a(libc_a-memset.o)
 .ARM.attributes
                0x00000368       0x2d C:/ST/STM32CubeIDE_1.16.0/STM32CubeIDE/plugins/com.st.stm32cube.ide.mcu.externaltools.gnu-tools-for-stm32.12.3.rel1.win32_1.0.200.202406191623/tools/bin/../lib/gcc/arm-none-eabi/12.3.1/../../../../arm-none-eabi/lib/thumb/v7-m/nofp\libc_nano.a(libc_a-init.o)
 .ARM.attributes
                0x00000395       0x1d C:/ST/STM32CubeIDE_1.16.0/STM32CubeIDE/plugins/com.st.stm32cube.ide.mcu.externaltools.gnu-tools-for-stm32.12.3.rel1.win32_1.0.200.202406191623/tools/bin/../lib/gcc/arm-none-eabi/12.3.1/thumb/v7-m/nofp/crtn.o
OUTPUT(LAB4.elf elf32-littlearm)
LOAD linker stubs
LOAD C:/ST/STM32CubeIDE_1.16.0/STM32CubeIDE/plugins/com.st.stm32cube.ide.mcu.externaltools.gnu-tools-for-stm32.12.3.rel1.win32_1.0.200.202406191623/tools/bin/../lib/gcc/arm-none-eabi/12.3.1/../../../../arm-none-eabi/lib/thumb/v7-m/nofp\libc.a
LOAD C:/ST/STM32CubeIDE_1.16.0/STM32CubeIDE/plugins/com.st.stm32cube.ide.mcu.externaltools.gnu-tools-for-stm32.12.3.rel1.win32_1.0.200.202406191623/tools/bin/../lib/gcc/arm-none-eabi/12.3.1/../../../../arm-none-eabi/lib/thumb/v7-m/nofp\libm.a
LOAD C:/ST/STM32CubeIDE_1.16.0/STM32CubeIDE/plugins/com.st.stm32cube.ide.mcu.externaltools.gnu-tools-for-stm32.12.3.rel1.win32_1.0.200.202406191623/tools/bin/../lib/gcc/arm-none-eabi/12.3.1/thumb/v7-m/nofp\libgcc.a

.debug_info     0x00000000     0x8c22
 .debug_info    0x00000000      0x303 ./Core/Src/button.o
 .debug_info    0x00000303      0x434 ./Core/Src/display.o
 .debug_info    0x00000737      0x2ae ./Core/Src/global.o
 .debug_info    0x000009e5      0x131 ./Core/Src/input_processing.o
 .debug_info    0x00000b16      0xcbb ./Core/Src/main.o
 .debug_info    0x000017d1      0x21d ./Core/Src/scheduler.o
 .debug_info    0x000019ee      0x938 ./Core/Src/stm32f1xx_hal_msp.o
 .debug_info    0x00002326      0x6a1 ./Core/Src/stm32f1xx_it.o
 .debug_info    0x000029c7      0x222 ./Core/Src/system_stm32f1xx.o
 .debug_info    0x00002be9      0x30a ./Core/Src/traffic_jam.o
 .debug_info    0x00002ef3       0x30 ./Core/Startup/startup_stm32f103rbtx.o
 .debug_info    0x00002f23      0x704 ./Drivers/STM32F1xx_HAL_Driver/Src/stm32f1xx_hal.o
 .debug_info    0x00003627      0xa87 ./Drivers/STM32F1xx_HAL_Driver/Src/stm32f1xx_hal_cortex.o
 .debug_info    0x000040ae      0x5ab ./Drivers/STM32F1xx_HAL_Driver/Src/stm32f1xx_hal_gpio.o
 .debug_info    0x00004659      0x7d5 ./Drivers/STM32F1xx_HAL_Driver/Src/stm32f1xx_hal_rcc.o
 .debug_info    0x00004e2e     0x2959 ./Drivers/STM32F1xx_HAL_Driver/Src/stm32f1xx_hal_tim.o
 .debug_info    0x00007787     0x149b ./Drivers/STM32F1xx_HAL_Driver/Src/stm32f1xx_hal_tim_ex.o

.debug_abbrev   0x00000000     0x1e28
 .debug_abbrev  0x00000000      0x1ba ./Core/Src/button.o
 .debug_abbrev  0x000001ba      0x20a ./Core/Src/display.o
 .debug_abbrev  0x000003c4      0x100 ./Core/Src/global.o
 .debug_abbrev  0x000004c4       0xb8 ./Core/Src/input_processing.o
 .debug_abbrev  0x0000057c      0x2c9 ./Core/Src/main.o
 .debug_abbrev  0x00000845      0x12f ./Core/Src/scheduler.o
 .debug_abbrev  0x00000974      0x1ad ./Core/Src/stm32f1xx_hal_msp.o
 .debug_abbrev  0x00000b21      0x191 ./Core/Src/stm32f1xx_it.o
 .debug_abbrev  0x00000cb2      0x13f ./Core/Src/system_stm32f1xx.o
 .debug_abbrev  0x00000df1      0x1a4 ./Core/Src/traffic_jam.o
 .debug_abbrev  0x00000f95       0x24 ./Core/Startup/startup_stm32f103rbtx.o
 .debug_abbrev  0x00000fb9      0x201 ./Drivers/STM32F1xx_HAL_Driver/Src/stm32f1xx_hal.o
 .debug_abbrev  0x000011ba      0x2f8 ./Drivers/STM32F1xx_HAL_Driver/Src/stm32f1xx_hal_cortex.o
 .debug_abbrev  0x000014b2      0x1ca ./Drivers/STM32F1xx_HAL_Driver/Src/stm32f1xx_hal_gpio.o
 .debug_abbrev  0x0000167c      0x2b3 ./Drivers/STM32F1xx_HAL_Driver/Src/stm32f1xx_hal_rcc.o
 .debug_abbrev  0x0000192f      0x277 ./Drivers/STM32F1xx_HAL_Driver/Src/stm32f1xx_hal_tim.o
 .debug_abbrev  0x00001ba6      0x282 ./Drivers/STM32F1xx_HAL_Driver/Src/stm32f1xx_hal_tim_ex.o

.debug_aranges  0x00000000      0xad8
 .debug_aranges
                0x00000000       0x48 ./Core/Src/button.o
 .debug_aranges
                0x00000048       0x80 ./Core/Src/display.o
 .debug_aranges
                0x000000c8       0x18 ./Core/Src/global.o
 .debug_aranges
                0x000000e0       0x40 ./Core/Src/input_processing.o
 .debug_aranges
                0x00000120       0x50 ./Core/Src/main.o
 .debug_aranges
                0x00000170       0x40 ./Core/Src/scheduler.o
 .debug_aranges
                0x000001b0       0x30 ./Core/Src/stm32f1xx_hal_msp.o
 .debug_aranges
                0x000001e0       0x68 ./Core/Src/stm32f1xx_it.o
 .debug_aranges
                0x00000248       0x28 ./Core/Src/system_stm32f1xx.o
 .debug_aranges
                0x00000270       0x40 ./Core/Src/traffic_jam.o
 .debug_aranges
                0x000002b0       0x28 ./Core/Startup/startup_stm32f103rbtx.o
 .debug_aranges
                0x000002d8       0xe0 ./Drivers/STM32F1xx_HAL_Driver/Src/stm32f1xx_hal.o
 .debug_aranges
                0x000003b8      0x100 ./Drivers/STM32F1xx_HAL_Driver/Src/stm32f1xx_hal_cortex.o
 .debug_aranges
                0x000004b8       0x58 ./Drivers/STM32F1xx_HAL_Driver/Src/stm32f1xx_hal_gpio.o
 .debug_aranges
                0x00000510       0x90 ./Drivers/STM32F1xx_HAL_Driver/Src/stm32f1xx_hal_rcc.o
 .debug_aranges
                0x000005a0      0x3d0 ./Drivers/STM32F1xx_HAL_Driver/Src/stm32f1xx_hal_tim.o
 .debug_aranges
                0x00000970      0x168 ./Drivers/STM32F1xx_HAL_Driver/Src/stm32f1xx_hal_tim_ex.o

.debug_rnglists
                0x00000000      0x835
 .debug_rnglists
                0x00000000       0x32 ./Core/Src/button.o
 .debug_rnglists
                0x00000032       0x5d ./Core/Src/display.o
 .debug_rnglists
                0x0000008f       0x2c ./Core/Src/input_processing.o
 .debug_rnglists
                0x000000bb       0x3b ./Core/Src/main.o
 .debug_rnglists
                0x000000f6       0x2f ./Core/Src/scheduler.o
 .debug_rnglists
                0x00000125       0x1f ./Core/Src/stm32f1xx_hal_msp.o
 .debug_rnglists
                0x00000144       0x49 ./Core/Src/stm32f1xx_it.o
 .debug_rnglists
                0x0000018d       0x1a ./Core/Src/system_stm32f1xx.o
 .debug_rnglists
                0x000001a7       0x2d ./Core/Src/traffic_jam.o
 .debug_rnglists
                0x000001d4       0x19 ./Core/Startup/startup_stm32f103rbtx.o
 .debug_rnglists
                0x000001ed       0xa3 ./Drivers/STM32F1xx_HAL_Driver/Src/stm32f1xx_hal.o
 .debug_rnglists
                0x00000290       0xbb ./Drivers/STM32F1xx_HAL_Driver/Src/stm32f1xx_hal_cortex.o
 .debug_rnglists
                0x0000034b       0x3f ./Drivers/STM32F1xx_HAL_Driver/Src/stm32f1xx_hal_gpio.o
 .debug_rnglists
                0x0000038a       0x6c ./Drivers/STM32F1xx_HAL_Driver/Src/stm32f1xx_hal_rcc.o
 .debug_rnglists
                0x000003f6      0x31a ./Drivers/STM32F1xx_HAL_Driver/Src/stm32f1xx_hal_tim.o
 .debug_rnglists
                0x00000710      0x125 ./Drivers/STM32F1xx_HAL_Driver/Src/stm32f1xx_hal_tim_ex.o

.debug_macro    0x00000000    0x17154
 .debug_macro   0x00000000      0x1c1 ./Core/Src/button.o
 .debug_macro   0x000001c1      0xaa8 ./Core/Src/button.o
 .debug_macro   0x00000c69      0x215 ./Core/Src/button.o
 .debug_macro   0x00000e7e       0x2e ./Core/Src/button.o
 .debug_macro   0x00000eac       0x22 ./Core/Src/button.o
 .debug_macro   0x00000ece       0x22 ./Core/Src/button.o
 .debug_macro   0x00000ef0       0x8e ./Core/Src/button.o
 .debug_macro   0x00000f7e       0x51 ./Core/Src/button.o
 .debug_macro   0x00000fcf      0x103 ./Core/Src/button.o
 .debug_macro   0x000010d2       0x6a ./Core/Src/button.o
 .debug_macro   0x0000113c      0x1df ./Core/Src/button.o
 .debug_macro   0x0000131b       0x1c ./Core/Src/button.o
 .debug_macro   0x00001337       0x22 ./Core/Src/button.o
 .debug_macro   0x00001359       0xbd ./Core/Src/button.o
 .debug_macro   0x00001416      0xd23 ./Core/Src/button.o
 .debug_macro   0x00002139     0xe09e ./Core/Src/button.o
 .debug_macro   0x000101d7       0x6d ./Core/Src/button.o
 .debug_macro   0x00010244     0x34a2 ./Core/Src/button.o
 .debug_macro   0x000136e6      0x189 ./Core/Src/button.o
 .debug_macro   0x0001386f       0x5c ./Core/Src/button.o
 .debug_macro   0x000138cb      0x5bc ./Core/Src/button.o
 .debug_macro   0x00013e87      0x289 ./Core/Src/button.o
 .debug_macro   0x00014110      0x1cb ./Core/Src/button.o
 .debug_macro   0x000142db      0x114 ./Core/Src/button.o
 .debug_macro   0x000143ef      0x1b2 ./Core/Src/button.o
 .debug_macro   0x000145a1       0x27 ./Core/Src/button.o
 .debug_macro   0x000145c8      0x136 ./Core/Src/button.o
 .debug_macro   0x000146fe      0x1bc ./Core/Src/button.o
 .debug_macro   0x000148ba       0x34 ./Core/Src/button.o
 .debug_macro   0x000148ee       0x3c ./Core/Src/button.o
 .debug_macro   0x0001492a       0x57 ./Core/Src/button.o
 .debug_macro   0x00014981       0x87 ./Core/Src/button.o
 .debug_macro   0x00014a08      0x240 ./Core/Src/button.o
 .debug_macro   0x00014c48      0x140 ./Core/Src/button.o
 .debug_macro   0x00014d88      0x8ed ./Core/Src/button.o
 .debug_macro   0x00015675       0x83 ./Core/Src/button.o
 .debug_macro   0x000156f8      0x148 ./Core/Src/button.o
 .debug_macro   0x00015840       0x10 ./Core/Src/button.o
 .debug_macro   0x00015850      0x1df ./Core/Src/display.o
 .debug_macro   0x00015a2f      0x1b2 ./Core/Src/global.o
 .debug_macro   0x00015be1      0x1cb ./Core/Src/input_processing.o
 .debug_macro   0x00015dac      0x1f8 ./Core/Src/main.o
 .debug_macro   0x00015fa4       0x16 ./Core/Src/main.o
 .debug_macro   0x00015fba       0x10 ./Core/Src/main.o
 .debug_macro   0x00015fca       0x7c ./Core/Src/scheduler.o
 .debug_macro   0x00016046      0x1a8 ./Core/Src/stm32f1xx_hal_msp.o
 .debug_macro   0x000161ee      0x1b2 ./Core/Src/stm32f1xx_it.o
 .debug_macro   0x000163a0      0x199 ./Core/Src/system_stm32f1xx.o
 .debug_macro   0x00016539      0x1e3 ./Core/Src/traffic_jam.o
 .debug_macro   0x0001671c      0x1bd ./Drivers/STM32F1xx_HAL_Driver/Src/stm32f1xx_hal.o
 .debug_macro   0x000168d9      0x199 ./Drivers/STM32F1xx_HAL_Driver/Src/stm32f1xx_hal_cortex.o
 .debug_macro   0x00016a72      0x204 ./Drivers/STM32F1xx_HAL_Driver/Src/stm32f1xx_hal_gpio.o
 .debug_macro   0x00016c76      0x1ab ./Drivers/STM32F1xx_HAL_Driver/Src/stm32f1xx_hal_rcc.o
 .debug_macro   0x00016e21      0x19a ./Drivers/STM32F1xx_HAL_Driver/Src/stm32f1xx_hal_tim.o
 .debug_macro   0x00016fbb      0x199 ./Drivers/STM32F1xx_HAL_Driver/Src/stm32f1xx_hal_tim_ex.o

.debug_line     0x00000000     0xc972
 .debug_line    0x00000000      0x848 ./Core/Src/button.o
 .debug_line    0x00000848      0xaef ./Core/Src/display.o
 .debug_line    0x00001337      0x6d5 ./Core/Src/global.o
 .debug_line    0x00001a0c      0x7ce ./Core/Src/input_processing.o
 .debug_line    0x000021da      0x894 ./Core/Src/main.o
 .debug_line    0x00002a6e      0x555 ./Core/Src/scheduler.o
 .debug_line    0x00002fc3      0x729 ./Core/Src/stm32f1xx_hal_msp.o
 .debug_line    0x000036ec      0x7c7 ./Core/Src/stm32f1xx_it.o
 .debug_line    0x00003eb3      0x76b ./Core/Src/system_stm32f1xx.o
 .debug_line    0x0000461e      0x84a ./Core/Src/traffic_jam.o
 .debug_line    0x00004e68       0x78 ./Core/Startup/startup_stm32f103rbtx.o
 .debug_line    0x00004ee0      0x998 ./Drivers/STM32F1xx_HAL_Driver/Src/stm32f1xx_hal.o
 .debug_line    0x00005878      0xb84 ./Drivers/STM32F1xx_HAL_Driver/Src/stm32f1xx_hal_cortex.o
 .debug_line    0x000063fc      0xa31 ./Drivers/STM32F1xx_HAL_Driver/Src/stm32f1xx_hal_gpio.o
 .debug_line    0x00006e2d      0xda1 ./Drivers/STM32F1xx_HAL_Driver/Src/stm32f1xx_hal_rcc.o
 .debug_line    0x00007bce     0x34bd ./Drivers/STM32F1xx_HAL_Driver/Src/stm32f1xx_hal_tim.o
 .debug_line    0x0000b08b     0x18e7 ./Drivers/STM32F1xx_HAL_Driver/Src/stm32f1xx_hal_tim_ex.o

.debug_str      0x00000000    0x84bfc
 .debug_str     0x00000000    0x81dc8 ./Core/Src/button.o
                              0x82119 (size before relaxing)
 .debug_str     0x00081dc8      0x249 ./Core/Src/display.o
                              0x82269 (size before relaxing)
 .debug_str     0x00082011       0x30 ./Core/Src/global.o
                              0x820ab (size before relaxing)
 .debug_str     0x00082041       0x71 ./Core/Src/input_processing.o
                              0x8206c (size before relaxing)
 .debug_str     0x000820b2      0x81a ./Core/Src/main.o
                              0x829ad (size before relaxing)
 .debug_str     0x000828cc       0x7e ./Core/Src/scheduler.o
                               0x4101 (size before relaxing)
 .debug_str     0x0008294a      0x33a ./Core/Src/stm32f1xx_hal_msp.o
                              0x827fc (size before relaxing)
 .debug_str     0x00082c84       0xec ./Core/Src/stm32f1xx_it.o
                              0x824fd (size before relaxing)
 .debug_str     0x00082d70       0x7e ./Core/Src/system_stm32f1xx.o
                              0x81aca (size before relaxing)
 .debug_str     0x00082dee       0x49 ./Core/Src/traffic_jam.o
                              0x8215f (size before relaxing)
 .debug_str     0x00082e37       0x44 ./Core/Startup/startup_stm32f103rbtx.o
                                 0x7c (size before relaxing)
 .debug_str     0x00082e7b      0x38e ./Drivers/STM32F1xx_HAL_Driver/Src/stm32f1xx_hal.o
                              0x821fd (size before relaxing)
 .debug_str     0x00083209      0x294 ./Drivers/STM32F1xx_HAL_Driver/Src/stm32f1xx_hal_cortex.o
                              0x82149 (size before relaxing)
 .debug_str     0x0008349d      0x2c3 ./Drivers/STM32F1xx_HAL_Driver/Src/stm32f1xx_hal_gpio.o
                              0x81e50 (size before relaxing)
 .debug_str     0x00083760      0x229 ./Drivers/STM32F1xx_HAL_Driver/Src/stm32f1xx_hal_rcc.o
                              0x81ef9 (size before relaxing)
 .debug_str     0x00083989      0xde0 ./Drivers/STM32F1xx_HAL_Driver/Src/stm32f1xx_hal_tim.o
                              0x82efb (size before relaxing)
 .debug_str     0x00084769      0x493 ./Drivers/STM32F1xx_HAL_Driver/Src/stm32f1xx_hal_tim_ex.o
                              0x82707 (size before relaxing)

.comment        0x00000000       0x43
 .comment       0x00000000       0x43 ./Core/Src/button.o
                                 0x44 (size before relaxing)
 .comment       0x00000043       0x44 ./Core/Src/display.o
 .comment       0x00000043       0x44 ./Core/Src/global.o
 .comment       0x00000043       0x44 ./Core/Src/input_processing.o
 .comment       0x00000043       0x44 ./Core/Src/main.o
 .comment       0x00000043       0x44 ./Core/Src/scheduler.o
 .comment       0x00000043       0x44 ./Core/Src/stm32f1xx_hal_msp.o
 .comment       0x00000043       0x44 ./Core/Src/stm32f1xx_it.o
 .comment       0x00000043       0x44 ./Core/Src/system_stm32f1xx.o
 .comment       0x00000043       0x44 ./Core/Src/traffic_jam.o
 .comment       0x00000043       0x44 ./Drivers/STM32F1xx_HAL_Driver/Src/stm32f1xx_hal.o
 .comment       0x00000043       0x44 ./Drivers/STM32F1xx_HAL_Driver/Src/stm32f1xx_hal_cortex.o
 .comment       0x00000043       0x44 ./Drivers/STM32F1xx_HAL_Driver/Src/stm32f1xx_hal_gpio.o
 .comment       0x00000043       0x44 ./Drivers/STM32F1xx_HAL_Driver/Src/stm32f1xx_hal_rcc.o
 .comment       0x00000043       0x44 ./Drivers/STM32F1xx_HAL_Driver/Src/stm32f1xx_hal_tim.o
 .comment       0x00000043       0x44 ./Drivers/STM32F1xx_HAL_Driver/Src/stm32f1xx_hal_tim_ex.o

.debug_frame    0x00000000     0x2aa8
 .debug_frame   0x00000000       0xdc ./Core/Src/button.o
 .debug_frame   0x000000dc      0x1a4 ./Core/Src/display.o
 .debug_frame   0x00000280       0xac ./Core/Src/input_processing.o
 .debug_frame   0x0000032c       0xf0 ./Core/Src/main.o
 .debug_frame   0x0000041c       0xd0 ./Core/Src/scheduler.o
 .debug_frame   0x000004ec       0x80 ./Core/Src/stm32f1xx_hal_msp.o
 .debug_frame   0x0000056c      0x120 ./Core/Src/stm32f1xx_it.o
 .debug_frame   0x0000068c       0x58 ./Core/Src/system_stm32f1xx.o
 .debug_frame   0x000006e4       0xc8 ./Core/Src/traffic_jam.o
 .debug_frame   0x000007ac      0x334 ./Drivers/STM32F1xx_HAL_Driver/Src/stm32f1xx_hal.o
 .debug_frame   0x00000ae0      0x428 ./Drivers/STM32F1xx_HAL_Driver/Src/stm32f1xx_hal_cortex.o
 .debug_frame   0x00000f08      0x14c ./Drivers/STM32F1xx_HAL_Driver/Src/stm32f1xx_hal_gpio.o
 .debug_frame   0x00001054      0x218 ./Drivers/STM32F1xx_HAL_Driver/Src/stm32f1xx_hal_rcc.o
 .debug_frame   0x0000126c     0x11b8 ./Drivers/STM32F1xx_HAL_Driver/Src/stm32f1xx_hal_tim.o
 .debug_frame   0x00002424      0x638 ./Drivers/STM32F1xx_HAL_Driver/Src/stm32f1xx_hal_tim_ex.o
 .debug_frame   0x00002a5c       0x20 C:/ST/STM32CubeIDE_1.16.0/STM32CubeIDE/plugins/com.st.stm32cube.ide.mcu.externaltools.gnu-tools-for-stm32.12.3.rel1.win32_1.0.200.202406191623/tools/bin/../lib/gcc/arm-none-eabi/12.3.1/../../../../arm-none-eabi/lib/thumb/v7-m/nofp\libc_nano.a(libc_a-memset.o)
 .debug_frame   0x00002a7c       0x2c C:/ST/STM32CubeIDE_1.16.0/STM32CubeIDE/plugins/com.st.stm32cube.ide.mcu.externaltools.gnu-tools-for-stm32.12.3.rel1.win32_1.0.200.202406191623/tools/bin/../lib/gcc/arm-none-eabi/12.3.1/../../../../arm-none-eabi/lib/thumb/v7-m/nofp\libc_nano.a(libc_a-init.o)

.debug_line_str
                0x00000000       0x60
 .debug_line_str
                0x00000000       0x60 ./Core/Startup/startup_stm32f103rbtx.o
